// Jest Snapshot v1, https://goo.gl/fbAQLP

exports[`App should render the App component correctly 1`] = `
<Provider
  store={
    Object {
      "dispatch": [Function],
      "getState": [Function],
      "replaceReducer": [Function],
      "subscribe": [Function],
      Symbol(observable): [Function],
    }
  }
>
  <BrowserRouter>
    <Header />
    <Routes />
  </BrowserRouter>
</Provider>
`;

exports[`Header should render the header for the application correctly 1`] = `
<Fragment>
  <h1>
    Hi React
  </h1>
  <ul>
    <li>
      <Link
        to="/"
      >
        Home
      </Link>
    </li>
    <li>
      <Link
        to="/user"
      >
        Users
      </Link>
    </li>
  </ul>
</Fragment>
`;

exports[`Routes should render the routes for the application correctly 1`] = `
<Switch>
  <Route
    component={[Function]}
    exact={true}
    path="/"
  />
  <Route
    component={[Function]}
    exact={true}
    path="/user"
  />
</Switch>
`;
